embeddings (39466, 768) | features estilisticas: nenhuma

[iid] treino(n=27626 fake=71.5%) val(n=5920 fake=71.5%) teste(n=5920 fake=71.6%)

### variante ERM (ingenua) — treino n=27626 (fake 71.5%), grupos=10
  C escolhido=3.0  criterio=macro_f1  val=0.7557
  Platt a=0.8305 b=+0.1356 (equivale a T=1.20 com deslocamento de prior)  ECE val 0.0160 -> 0.0174

======================================================================
iid | variante ERM (ingenua) (calibrado)
======================================================================
GLOBAL  n=5920  acc=0.8157  macro-F1=0.7508  F1(fake)=0.8780
        PR-AUC=0.9132  ROC-AUC=0.8370  Brier=0.1346  ECE=0.0189

POR GRUPO (ordenado do pior para o melhor):
               group    n  minoria_n   fake_%    acc  macro_f1  f1_fake  roc_auc  pr_auc    ece  confiavel
      COVID19.BR_raw   56          9  16.1000 0.4821    0.4421   0.2927   0.6809  0.3690 0.2678      False
            MuMiN-PT   34          3  91.2000 0.7941    0.4426   0.8852   0.3763  0.8971 0.1263      False
          COVID19.BR  290        123  42.4000 0.6069    0.6007   0.6503   0.7109  0.5797 0.1445       True
FakeWhatsApp.BR_2018  957        458  47.9000 0.6646    0.6570   0.7079   0.7226  0.6573 0.0773       True
          LLM4BR_300   44         22  50.0000 0.7955    0.7953   0.7907   0.9277  0.9230 0.1844      False
             Fake.br 1074        537  50.0000 0.9022    0.9022   0.9046   0.9683  0.9690 0.1221       True
               fakes 3052          0 100.0000 0.9436       NaN   0.9710      NaN     NaN 0.0951      False
                true  406          0   0.0000 0.1847       NaN   0.0000      NaN     NaN 0.5587      False
  (grupos com confiavel=False sao pequenos demais — n<100 ou minoria<20 — e ficam fora da manchete)

>>> PIOR GRUPO macro-F1 = 0.6007   (metrica de manchete, so grupos confiaveis)
>>> PIOR GRUPO (so grupos balanceados) = 0.6007

CASOS LIMITROFES  n=144  acc=0.9375  score medio=0.850
FALSO PURO        n=934  acc=0.9636  score medio=0.883

DIALETO  PT-PT: n=1077 macro-F1=0.5675 | resto: n=4843 macro-F1=0.7797

### variante DFR (honesta) — treino n=11301 (fake 47.5%), grupos=5, ponderado por celula
  C escolhido=0.1  criterio=worst_group  val=0.7305
  Platt a=0.1761 b=+1.1454 (equivale a T=5.68 com deslocamento de prior)  ECE val 0.2818 -> 0.0415

======================================================================
iid | variante DFR (honesta) (calibrado)
======================================================================
GLOBAL  n=5920  acc=0.7051  macro-F1=0.4697  F1(fake)=0.8230
        PR-AUC=0.8460  ROC-AUC=0.6771  Brier=0.1913  ECE=0.0507

POR GRUPO (ordenado do pior para o melhor):
               group    n  minoria_n   fake_%    acc  macro_f1  f1_fake  roc_auc  pr_auc    ece  confiavel
          LLM4BR_300   44         22  50.0000 0.5000    0.3333   0.6667   0.9628  0.9654 0.2868      False
FakeWhatsApp.BR_2018  957        458  47.9000 0.5047    0.3772   0.6590   0.8027  0.7682 0.2437       True
             Fake.br 1074        537  50.0000 0.5251    0.3869   0.6780   0.9688  0.9717 0.3136       True
          COVID19.BR  290        123  42.4000 0.4828    0.4130   0.6154   0.8048  0.7485 0.2403       True
      COVID19.BR_raw   56          9  16.1000 0.4464    0.4318   0.3404   0.6785  0.2978 0.2724      False
            MuMiN-PT   34          3  91.2000 0.8529    0.4603   0.9206   0.4086  0.9217 0.1827      False
               fakes 3052          0 100.0000 0.9440       NaN   0.9712      NaN     NaN 0.2308      False
                true  406          0   0.0000 0.0640       NaN   0.0000      NaN     NaN 0.6207      False
  (grupos com confiavel=False sao pequenos demais — n<100 ou minoria<20 — e ficam fora da manchete)

>>> PIOR GRUPO macro-F1 = 0.3772   (metrica de manchete, so grupos confiaveis)
>>> PIOR GRUPO (so grupos balanceados) = 0.3772

CASOS LIMITROFES  n=144  acc=0.9375  score medio=0.696
FALSO PURO        n=934  acc=0.9347  score medio=0.711

DIALETO  PT-PT: n=1077 macro-F1=0.4691 | resto: n=4843 macro-F1=0.4688

[ood:whatsapp] treino(n=28122 fake=76.1%) val(n=4963 fake=76.1%) teste(n=6381 fake=47.9%)

### variante ERM (ingenua) — treino n=28122 (fake 76.1%), grupos=9
  C escolhido=0.01  criterio=macro_f1  val=0.7841
  Platt a=0.9404 b=+0.0816 (equivale a T=1.06 com deslocamento de prior)  ECE val 0.0098 -> 0.0131

======================================================================
ood:whatsapp | variante ERM (ingenua) (calibrado)
======================================================================
GLOBAL  n=6381  acc=0.5137  macro-F1=0.4165  F1(fake)=0.6546
        PR-AUC=0.5243  ROC-AUC=0.5702  Brier=0.3866  ECE=0.3527

POR GRUPO (ordenado do pior para o melhor):
               group    n  minoria_n  fake_%    acc  macro_f1  f1_fake  roc_auc  pr_auc    ece  confiavel
FakeWhatsApp.BR_2018 6381       3055 47.9000 0.5137    0.4165   0.6546   0.5702  0.5243 0.3527       True

>>> PIOR GRUPO macro-F1 = 0.4165   (metrica de manchete, so grupos confiaveis)
>>> PIOR GRUPO (so grupos balanceados) = 0.4165
FALSO PURO        n=27  acc=0.7778  score medio=0.949

### variante DFR (honesta) — treino n=8298 (fake 47.2%), grupos=4, ponderado por celula
  C escolhido=0.01  criterio=worst_group  val=0.7454
  Platt a=0.2272 b=+1.5138 (equivale a T=4.40 com deslocamento de prior)  ECE val 0.3106 -> 0.0335

======================================================================
ood:whatsapp | variante DFR (honesta) (calibrado)
======================================================================
GLOBAL  n=6381  acc=0.4852  macro-F1=0.3413  F1(fake)=0.6492
        PR-AUC=0.6393  ROC-AUC=0.6932  Brier=0.3515  ECE=0.3457

POR GRUPO (ordenado do pior para o melhor):
               group    n  minoria_n  fake_%    acc  macro_f1  f1_fake  roc_auc  pr_auc    ece  confiavel
FakeWhatsApp.BR_2018 6381       3055 47.9000 0.4852    0.3413   0.6492   0.6932  0.6393 0.3457       True

>>> PIOR GRUPO macro-F1 = 0.3413   (metrica de manchete, so grupos confiaveis)
>>> PIOR GRUPO (so grupos balanceados) = 0.3413
FALSO PURO        n=27  acc=0.8148  score medio=0.865

======================================================================
RESUMO
======================================================================
       split       variant    acc  macro_f1  worst_group_macro_f1  worst_group_balanced    ece  hard_acc
         iid ERM (ingenua) 0.8157    0.7508                0.6007                0.6007 0.0189    0.9375
         iid DFR (honesta) 0.7051    0.4697                0.3772                0.3772 0.0507    0.9375
ood:whatsapp ERM (ingenua) 0.5137    0.4165                0.4165                0.4165 0.3527       NaN
ood:whatsapp DFR (honesta) 0.4852    0.3413                0.3413                0.3413 0.3457       NaN

resultados salvos em models/artifacts/score_frozen_nostyle.json
