Loading weights:   0%|          | 0/199 [00:00<?, ?it/s]Loading weights: 100%|##########| 199/199 [00:00<00:00, 9321.20it/s]
[transformers] [1mBertForSequenceClassification LOAD REPORT[0m from: neuralmind/bert-base-portuguese-cased
Key                                        | Status     | 
-------------------------------------------+------------+-
cls.predictions.transform.dense.weight     | UNEXPECTED | 
cls.seq_relationship.weight                | UNEXPECTED | 
cls.predictions.transform.LayerNorm.weight | UNEXPECTED | 
cls.predictions.bias                       | UNEXPECTED | 
cls.predictions.transform.dense.bias       | UNEXPECTED | 
cls.predictions.transform.LayerNorm.bias   | UNEXPECTED | 
cls.predictions.decoder.weight             | UNEXPECTED | 
cls.seq_relationship.bias                  | UNEXPECTED | 
classifier.bias                            | MISSING    | 
classifier.weight                          | MISSING    | 

Notes:
- UNEXPECTED:	can be ignored when loading from different task/architecture; not ok if you expect identical arch.
- MISSING:	those params were newly initialized because missing from the checkpoint. Consider training on your downstream task.
Writing model shards:   0%|          | 0/1 [00:00<?, ?it/s]Writing model shards: 100%|##########| 1/1 [00:00<00:00,  3.24it/s]Writing model shards: 100%|##########| 1/1 [00:00<00:00,  3.23it/s]
Writing model shards:   0%|          | 0/1 [00:00<?, ?it/s]Writing model shards: 100%|##########| 1/1 [00:00<00:00,  2.74it/s]Writing model shards: 100%|##########| 1/1 [00:00<00:00,  2.73it/s]
Writing model shards:   0%|          | 0/1 [00:00<?, ?it/s]Writing model shards: 100%|##########| 1/1 [00:00<00:00,  2.77it/s]Writing model shards: 100%|##########| 1/1 [00:00<00:00,  2.77it/s]
Writing model shards:   0%|          | 0/1 [00:00<?, ?it/s]Writing model shards: 100%|##########| 1/1 [00:00<00:00,  2.59it/s]Writing model shards: 100%|##########| 1/1 [00:00<00:00,  2.58it/s]
Loading weights:   0%|          | 0/201 [00:00<?, ?it/s]Loading weights:  15%|#4        | 30/201 [00:00<00:00, 297.14it/s]Loading weights:  30%|##9       | 60/201 [00:00<00:00, 281.75it/s]Loading weights:  80%|########  | 161/201 [00:00<00:00, 602.91it/s]Loading weights: 100%|##########| 201/201 [00:00<00:00, 638.95it/s]
