[E0] device=cpu amp=off dtype=None scaler=False torch=2.14.0+cpu transformers=5.17.0 cuda=None
[E0] seed=42 cudnn.deterministic=True benchmark=False
[E2] data=models/v6/processed/v6_pool.parquet splits=models/v6/processed/v6_splits.parquet split_col=full_iid
[E2] removendo 4 linhas has_ufffd (defensivo): {'train': 3, 'val_sel': 0, 'val_calib': 0, 'eval:full_iid=test': 1}
[E2] contagens (n, fake%):
      train                            n= 63753 fake=73.31%
      val_sel                          n=  9108 fake=73.31%
      val_calib                        n=  4554 fake=73.30%
      eval:full_iid=test               n= 13661 fake=73.31%
[E2] interseccao rid treino x teste (full_iid=test): 0
[E2] duplicatas texto-normalizado treino/val x teste: 0
[E3] tokenizacao em 5.7s; 63753 treino / 9108 val_sel / 4554 val_calib / 13661 eval; workers=0 pin_memory=False
[E3] tokens treino: media=48.9 p95=192 max=192
[E4] congeladas embeddings + 6 camadas (43.1M treinaveis)
[E4] steps/epoca=1993 total=3986 warmup=398 efetivo=32
[E5] DFR cell: antes clip min=0.0734 max=1045.13 prior_fake_efetivo=0.5082 | depois clip(25.0): min=0.1001 max=34.09 prior_fake_efetivo=0.6026
[E5] epoca 1/2: train_loss=0.5128 val_loss=0.4402 macro_f1=0.7502 worst_group=0.51238 ece=0.0617 tokens/s=335 (10008s, vram=0.00GB)  [melhor]
[E5] epoca 2/2: train_loss=0.3741 val_loss=0.3901 macro_f1=0.7742 worst_group=0.58172 ece=0.0500 tokens/s=347 (9680s, vram=0.00GB)  [melhor]
[E6] avaliando checkpoint models\v6\artifacts\full_iid_ml192_f6_on_seed42\best
[E6] Platt em is_balanced_group (n=1844, prior_fake=0.5217): a=0.6194 b=+0.0576
[E6] ECE val_calib antes=0.0495 depois=0.0159; limiar otimo (grid .05-.95) = 0.42 (macro-F1=0.7319)

======================================================================
TESTE[test] | limiar primario 0.5
======================================================================
GLOBAL  n=13661  acc=0.8163  macro-F1=0.7782  F1(fake)=0.8701
        PR-AUC=0.9563  ROC-AUC=0.8902  Brier=0.1198  ECE=0.0188

POR GRUPO (ordenado do pior para o melhor):
               group    n  minoria_n   fake_%    acc  macro_f1  f1_fake  roc_auc  pr_auc    ece  confiavel
         FC_COMPROVA  143          3  97.9000 0.9231    0.4800   0.9600   0.4095  0.9796 0.0397      False
       FC_OBSERVADOR  124          2  98.4000 0.9355    0.4833   0.9667   0.6311  0.9926 0.0930      False
         FC_AOSFATOS  122          1  99.2000 0.9508    0.4874   0.9748   0.7603  0.9978 0.0651      False
            FC_FOLHA   32          1  96.9000 0.9688    0.4921   0.9841   0.6774  0.9881 0.0185      False
             FC_LUPA  215          4  98.1000 0.9535    0.5714   0.9761   0.7737  0.9937 0.0974      False
          EXT_LIARBR 1049        423  40.3000 0.5987    0.5749   0.4744   0.6190  0.5146 0.0270       True
            MuMiN-PT   33          4  87.9000 0.8182    0.6464   0.8929   0.8017  0.9699 0.1235      False
        FC_POLIGRAFO 1625        622  61.7000 0.6511    0.6507   0.6623   0.7321  0.8269 0.0275       True
      EXT_AVERITECBR  439        119  72.9000 0.6902    0.6589   0.7622   0.7492  0.8669 0.0374       True
          FC_EFARSAS  481         62  87.1000 0.8358    0.6596   0.9045   0.7200  0.9310 0.0512       True
FakeWhatsApp.BR_2018  957        357  37.3000 0.6667    0.6652   0.6428   0.7790  0.6448 0.0688       True
           FC_BEREIA   30          6  80.0000 0.8333    0.6732   0.9020   0.9306  0.9823 0.1081      False
          COVID19.BR  290        126  43.4000 0.7897    0.7896   0.7860   0.8800  0.8377 0.0445       True
      COVID19.BR_raw   56          9  16.1000 0.8750    0.7949   0.6667   0.9362  0.7435 0.0935      False
               FC_G1  478         17  96.4000 0.9791    0.8557   0.9891   0.9561  0.9980 0.0583      False
             Fake.br 1075        467  56.6000 0.9730    0.9725   0.9762   0.9947  0.9963 0.0287       True
          LLM4BR_300   45         16  64.4000 0.9778    0.9761   0.9825   0.9978  0.9989 0.0020      False
              FC_AFP  157          0 100.0000 0.9490       NaN   0.9739      NaN     NaN 0.0750      False
           FC_BOATOS 1616          0 100.0000 0.9604       NaN   0.9798      NaN     NaN 0.0605      False
     FC_BOATOS_VIRAL  353          0 100.0000 0.9320       NaN   0.9648      NaN     NaN 0.0481      False
          FC_ESTADAO  221          0 100.0000 0.9502       NaN   0.9745      NaN     NaN 0.0651      False
              FC_SBT   30          0 100.0000 0.7667       NaN   0.8679      NaN     NaN 0.1487      False
              FC_UOL  118          0 100.0000 0.9322       NaN   0.9649      NaN     NaN 0.0591      False
   NEWS_BRASILDEFATO  136          0   0.0000 0.9191       NaN   0.0000      NaN     NaN 0.0473      False
            NEWS_ECO   68          0   0.0000 0.9118       NaN   0.0000      NaN     NaN 0.0804      False
           NEWS_OECO   70          0   0.0000 0.8857       NaN   0.0000      NaN     NaN 0.0702      False
       NEWS_PODER360  200          0   0.0000 0.8850       NaN   0.0000      NaN     NaN 0.0727      False
               fakes 3052          0 100.0000 0.8309       NaN   0.9077      NaN     NaN 0.0641      False
                true  406          0   0.0000 0.6576       NaN   0.0000      NaN     NaN 0.1450      False
  (grupos com confiavel=False sao pequenos demais — n<100 ou minoria<20 — e ficam fora da manchete)

>>> PIOR GRUPO macro-F1 = 0.5749   (metrica de manchete, so grupos confiaveis)
>>> PIOR GRUPO (so grupos balanceados) = 0.5749
    nos grupos balanceados (n=5536, 51.9% fake): acc=0.7216 macro-F1=0.7216 ECE=0.0124

CASOS LIMITROFES  n=529  acc=0.8072  score medio=0.773
FALSO PURO        n=5623  acc=0.8739  score medio=0.810

DIALETO  PT-PT: n=2461 macro-F1=0.6992 | resto: n=11200 macro-F1=0.7950

======================================================================
TESTE[test] | limiar val_opt 0.42
======================================================================
GLOBAL  n=13661  acc=0.8248  macro-F1=0.7681  F1(fake)=0.8827
        PR-AUC=0.9563  ROC-AUC=0.8902  Brier=0.1198  ECE=0.0188

POR GRUPO (ordenado do pior para o melhor):
               group    n  minoria_n   fake_%    acc  macro_f1  f1_fake  roc_auc  pr_auc    ece  confiavel
         FC_COMPROVA  143          3  97.9000 0.9231    0.4800   0.9600   0.4095  0.9796 0.0397      False
       FC_OBSERVADOR  124          2  98.4000 0.9516    0.4876   0.9752   0.6311  0.9926 0.0930      False
         FC_AOSFATOS  122          1  99.2000 0.9590    0.4895   0.9791   0.7603  0.9978 0.0651      False
            FC_FOLHA   32          1  96.9000 0.9688    0.4921   0.9841   0.6774  0.9881 0.0185      False
          EXT_LIARBR 1049        423  40.3000 0.5748    0.5748   0.5695   0.6190  0.5146 0.0270       True
             FC_LUPA  215          4  98.1000 0.9628    0.5905   0.9810   0.7737  0.9937 0.0974      False
          FC_EFARSAS  481         62  87.1000 0.8503    0.6119   0.9161   0.7200  0.9310 0.0512       True
FakeWhatsApp.BR_2018  957        357  37.3000 0.6238    0.6235   0.6341   0.7790  0.6448 0.0688       True
        FC_POLIGRAFO 1625        622  61.7000 0.6745    0.6425   0.7494   0.7321  0.8269 0.0275       True
           FC_BEREIA   30          6  80.0000 0.8333    0.6732   0.9020   0.9306  0.9823 0.1081      False
            MuMiN-PT   33          4  87.9000 0.8485    0.6784   0.9123   0.8017  0.9699 0.1235      False
      EXT_AVERITECBR  439        119  72.9000 0.7403    0.6857   0.8167   0.7492  0.8669 0.0374       True
      COVID19.BR_raw   56          9  16.1000 0.7857    0.7143   0.5714   0.9362  0.7435 0.0935      False
          COVID19.BR  290        126  43.4000 0.7862    0.7860   0.7919   0.8800  0.8377 0.0445       True
               FC_G1  478         17  96.4000 0.9812    0.8665   0.9902   0.9561  0.9980 0.0583      False
             Fake.br 1075        467  56.6000 0.9721    0.9716   0.9754   0.9947  0.9963 0.0287       True
          LLM4BR_300   45         16  64.4000 0.9778    0.9761   0.9825   0.9978  0.9989 0.0020      False
              FC_AFP  157          0 100.0000 0.9682       NaN   0.9838      NaN     NaN 0.0750      False
           FC_BOATOS 1616          0 100.0000 0.9752       NaN   0.9875      NaN     NaN 0.0605      False
     FC_BOATOS_VIRAL  353          0 100.0000 0.9377       NaN   0.9678      NaN     NaN 0.0481      False
          FC_ESTADAO  221          0 100.0000 0.9683       NaN   0.9839      NaN     NaN 0.0651      False
              FC_SBT   30          0 100.0000 0.8000       NaN   0.8889      NaN     NaN 0.1487      False
              FC_UOL  118          0 100.0000 0.9576       NaN   0.9784      NaN     NaN 0.0591      False
   NEWS_BRASILDEFATO  136          0   0.0000 0.8971       NaN   0.0000      NaN     NaN 0.0473      False
            NEWS_ECO   68          0   0.0000 0.8824       NaN   0.0000      NaN     NaN 0.0804      False
           NEWS_OECO   70          0   0.0000 0.8857       NaN   0.0000      NaN     NaN 0.0702      False
       NEWS_PODER360  200          0   0.0000 0.8850       NaN   0.0000      NaN     NaN 0.0727      False
               fakes 3052          0 100.0000 0.8739       NaN   0.9327      NaN     NaN 0.0641      False
                true  406          0   0.0000 0.5369       NaN   0.0000      NaN     NaN 0.1450      False
  (grupos com confiavel=False sao pequenos demais — n<100 ou minoria<20 — e ficam fora da manchete)

>>> PIOR GRUPO macro-F1 = 0.5748   (metrica de manchete, so grupos confiaveis)
>>> PIOR GRUPO (so grupos balanceados) = 0.5748
    nos grupos balanceados (n=5536, 51.9% fake): acc=0.7193 macro-F1=0.7130 ECE=0.0124

CASOS LIMITROFES  n=529  acc=0.8828  score medio=0.773
FALSO PURO        n=5623  acc=0.9266  score medio=0.810

DIALETO  PT-PT: n=2461 macro-F1=0.6894 | resto: n=11200 macro-F1=0.7873
[E6] predict-all: pool n=91076 em 3850.2s

[FIM] run full_iid_ml192_f6_on_seed42: history=2 epoca(s) best_epoch=2 total=24667.3s -> models\v6\artifacts\full_iid_ml192_f6_on_seed42
